// Jest Snapshot v1, https://goo.gl/fbAQLP

exports[`RefetchLaunchesButton should match snapshot 1`] = `ShallowWrapper {}`;
