// Jest Snapshot v1, https://goo.gl/fbAQLP

exports[`SortLaunchesButton should match snapshot 1`] = `ShallowWrapper {}`;
