// Jest Snapshot v1, https://goo.gl/fbAQLP

exports[`Application container should match snapshot 1`] = `ShallowWrapper {}`;
