// Jest Snapshot v1, https://goo.gl/fbAQLP

exports[`LaunchesPage should match snapshot 1`] = `ShallowWrapper {}`;
