// Jest Snapshot v1, https://goo.gl/fbAQLP

exports[`FilterByYearButton should match snapshot 1`] = `ShallowWrapper {}`;
